 x0                  0x1                      1
 x1                  0xA                     10
 x2                 0x64                    100
 x3                0x3E8                   1000
 x4               0x2710                  10000
 x5              0x186A0                 100000
 x6              0xF4240                1000000
 x7             0x989680               10000000
 x8            0x5F5E100              100000000
 x9           0x3B9ACA00             1000000000
