 x0                  0x0                      0
 x1                  0x1                      1
 x2                  0x2                      2
 x3                  0x3                      3
 x4                  0x0                      0
 x5                  0x0                      0
 x6                  0x0                      0
 x7                  0x0                      0
 x8                  0x0                      0
 x9                  0x0                      0
